Logging system initialized from config file
  - Log level: INFO
  - File logging: True
  - Console logging: True
  - Performance monitoring: True
[INFO][2026-10-09 22:05:54][logging_manager.py:710] - Logging system initialized successfully
[INFO][2026-10-09 22:05:54][logging_manager.py:391] - [ExchangeMapper.load_mappings] Starting operation
[INFO][2026-10-09 22:05:54][logging_manager.py:397] - [ExchangeMapper.load_mappings] Operation completed in 0.00s
[INFO][2026-10-09 22:05:54][aes.py:23] - libssl detected, it will be used for encryption
[INFO][2026-10-09 22:05:55][tgbot.py:15] - [tgbot] Reading system configuration...
/home/python/miniconda3/envs/Quote/lib/python3.11/site-packages/requests/__init__.py:113: RequestsDependencyWarning: urllib3 (2.5.0) or chardet (7.6.0)/charset_normalizer (3.4.3) doesn't match a supported version!
  warnings.warn(
FIRST_FORMAL_EXECUTE_START
[INFO][2026-10-09 22:07:36][business_profile_async_production.py:3197] - business-profile stage start stage=acquire max_items=2 concurrency=1 max_elapsed_seconds=300.0 high_water_mark=1000
[INFO][2026-10-09 22:07:37][business_profile_pdf_artifacts.py:1222] - business-profile pdf artifact cache hit source_file_id=shared-asset:asset_fcaaac731494a8289668cdc0e8dfa2ba bytes=6789205 pages=349 timings={'hash_read_seconds': 0.00449, 'cache_read_seconds': 0.123528, 'extract_seconds': 0.0, 'write_seconds': 0.0, 'total_seconds': 0.128018} path=/home/python/Quote/data/filings/announcements/blobs/83/derived/business_profile_pdfium_recovery.v4/830b11815f1d493465a8913335c5937b06d6221797a59e9256db00a4746c59c8_57e1dd4f16ef40ff.json.gz
[INFO][2026-10-09 22:07:42][business_profile_async_production.py:3466] - business-profile stage item stage=acquire work_id=bp-work-e2167d8a81b6d3952fd4515d instrument_id=600048.SH duration_seconds=5.517 claimed=1 completed=1 retried=0 terminal_failures=0
[INFO][2026-10-09 22:07:42][business_profile_async_production.py:3576] - business-profile stage progress stage=acquire finished=1 in_flight=0 claimed=1 completed=1 retried=0 terminal_failures=0 effective_concurrency=1 elapsed_seconds=5.540 active_seconds=5.518
[INFO][2026-10-09 22:07:42][business_profile_async_production.py:3671] - business-profile stage end stage=acquire status=success claimed=1 completed=1 retried=0 terminal_failures=0 configuration_blocked=0 machine_rework_deferred=0 artifact_replay_deferred=0 context_reselect_deferred=0 lease_conflicts=0 claim_exclusions=1 elapsed_seconds=5.551 active_work_seconds=5.518 peak_in_flight=1 queue_underfilled_slots=1 writer={'pending_writers': 0, 'active_writers': 0, 'max_pending_writers': 1, 'max_active_writers': 1, 'write_transactions': 2, 'wait_seconds': 2.8e-05, 'write_seconds': 0.005328, 'observation_seconds': 5.578081, 'transaction_p50_seconds': 0.002664, 'transaction_p95_seconds': 0.00431, 'transaction_max_seconds': 0.004493, 'writer_lock_duty': 0.000955, 'inter_write_idle_seconds': 5.507372, 'inter_write_seconds': 0.01}
[INFO][2026-10-09 22:07:42][business_profile_async_production.py:3197] - business-profile stage start stage=parse max_items=2 concurrency=1 max_elapsed_seconds=300.0 high_water_mark=1000
[INFO][2026-10-09 22:08:12][business_profile_async_production.py:3596] - business-profile stage heartbeat stage=parse elapsed_seconds=30.127 active_seconds=30.085 in_flight=1 peak_in_flight=1 claimed=1 completed=0 retried=0 terminal_failures=0 configuration_blocked=0 queue_underfilled_slots=0 claim_exclusions=1 writer={'pending_writers': 0, 'active_writers': 0, 'max_pending_writers': 1, 'max_active_writers': 1, 'write_transactions': 3, 'wait_seconds': 4.2e-05, 'write_seconds': 0.010915, 'observation_seconds': 35.706529, 'transaction_p50_seconds': 0.004493, 'transaction_p95_seconds': 0.005478, 'transaction_max_seconds': 0.005588, 'writer_lock_duty': 0.000306, 'inter_write_idle_seconds': 5.548822, 'inter_write_seconds': 0.01}
[INFO][2026-10-09 22:08:12][business_profile_async_production.py:3466] - business-profile stage item stage=parse work_id=bp-work-e2167d8a81b6d3952fd4515d instrument_id=600048.SH duration_seconds=30.229 claimed=1 completed=1 retried=0 terminal_failures=0
[INFO][2026-10-09 22:08:12][business_profile_async_production.py:3576] - business-profile stage progress stage=parse finished=1 in_flight=0 claimed=1 completed=1 retried=0 terminal_failures=0 effective_concurrency=1 elapsed_seconds=30.272 active_seconds=30.230
[INFO][2026-10-09 22:08:12][business_profile_async_production.py:3671] - business-profile stage end stage=parse status=success claimed=1 completed=1 retried=0 terminal_failures=0 configuration_blocked=0 machine_rework_deferred=0 artifact_replay_deferred=0 context_reselect_deferred=0 lease_conflicts=0 claim_exclusions=1 elapsed_seconds=30.283 active_work_seconds=30.23 peak_in_flight=1 queue_underfilled_slots=1 writer={'pending_writers': 0, 'active_writers': 0, 'max_pending_writers': 1, 'max_active_writers': 1, 'write_transactions': 4, 'wait_seconds': 5.2e-05, 'write_seconds': 0.015451, 'observation_seconds': 35.86252, 'transaction_p50_seconds': 0.004515, 'transaction_p95_seconds': 0.00543, 'transaction_max_seconds': 0.005588, 'writer_lock_duty': 0.000431, 'inter_write_idle_seconds': 35.668134, 'inter_write_seconds': 0.01}
[INFO][2026-10-09 22:08:12][business_profile_async_production.py:3197] - business-profile stage start stage=semantic max_items=2 concurrency=1 max_elapsed_seconds=300.0 high_water_mark=1000
[INFO][2026-10-09 22:08:45][business_profile_async_production.py:3596] - business-profile stage heartbeat stage=semantic elapsed_seconds=32.535 active_seconds=32.493 in_flight=1 peak_in_flight=1 claimed=1 completed=0 retried=0 terminal_failures=0 configuration_blocked=0 queue_underfilled_slots=0 claim_exclusions=1 writer={'pending_writers': 0, 'active_writers': 0, 'max_pending_writers': 1, 'max_active_writers': 1, 'write_transactions': 5, 'wait_seconds': 6.7e-05, 'write_seconds': 0.020088, 'observation_seconds': 68.399814, 'transaction_p50_seconds': 0.004536, 'transaction_p95_seconds': 0.005398, 'transaction_max_seconds': 0.005588, 'writer_lock_duty': 0.000294, 'inter_write_idle_seconds': 35.824969, 'inter_write_seconds': 0.01}
[INFO][2026-10-09 22:08:45][business_profile_async_production.py:3466] - business-profile stage item stage=semantic work_id=bp-work-e2167d8a81b6d3952fd4515d instrument_id=600048.SH duration_seconds=32.657 claimed=1 completed=1 retried=0 terminal_failures=0
[INFO][2026-10-09 22:08:45][business_profile_async_production.py:3576] - business-profile stage progress stage=semantic finished=1 in_flight=0 claimed=1 completed=1 retried=0 terminal_failures=0 effective_concurrency=1 elapsed_seconds=32.700 active_seconds=32.658
[INFO][2026-10-09 22:08:45][business_profile_async_production.py:3671] - business-profile stage end stage=semantic status=success claimed=1 completed=1 retried=0 terminal_failures=0 configuration_blocked=0 machine_rework_deferred=0 artifact_replay_deferred=0 context_reselect_deferred=0 lease_conflicts=0 claim_exclusions=1 elapsed_seconds=32.712 active_work_seconds=32.658 peak_in_flight=1 queue_underfilled_slots=1 writer={'pending_writers': 0, 'active_writers': 0, 'max_pending_writers': 1, 'max_active_writers': 1, 'write_transactions': 6, 'wait_seconds': 7.7e-05, 'write_seconds': 0.026431, 'observation_seconds': 68.576111, 'transaction_p50_seconds': 0.004586, 'transaction_p95_seconds': 0.006154, 'transaction_max_seconds': 0.006343, 'writer_lock_duty': 0.000385, 'inter_write_idle_seconds': 68.351779, 'inter_write_seconds': 0.01}
[INFO][2026-10-09 22:08:45][business_profile_async_production.py:3197] - business-profile stage start stage=verify max_items=2 concurrency=1 max_elapsed_seconds=300.0 high_water_mark=1000
[INFO][2026-10-09 22:08:47][business_profile_async_production.py:3466] - business-profile stage item stage=verify work_id=bp-work-e2167d8a81b6d3952fd4515d instrument_id=600048.SH duration_seconds=2.541 claimed=1 completed=1 retried=0 terminal_failures=0
[INFO][2026-10-09 22:08:47][business_profile_async_production.py:3576] - business-profile stage progress stage=verify finished=1 in_flight=0 claimed=1 completed=1 retried=0 terminal_failures=0 effective_concurrency=1 elapsed_seconds=2.586 active_seconds=2.542
[INFO][2026-10-09 22:08:47][business_profile_async_production.py:3671] - business-profile stage end stage=verify status=success claimed=1 completed=1 retried=0 terminal_failures=0 configuration_blocked=0 machine_rework_deferred=0 artifact_replay_deferred=0 context_reselect_deferred=0 lease_conflicts=0 claim_exclusions=1 elapsed_seconds=2.597 active_work_seconds=2.542 peak_in_flight=1 queue_underfilled_slots=1 writer={'pending_writers': 0, 'active_writers': 0, 'max_pending_writers': 1, 'max_active_writers': 1, 'write_transactions': 8, 'wait_seconds': 9.5e-05, 'write_seconds': 0.046041, 'observation_seconds': 71.174774, 'transaction_p50_seconds': 0.005112, 'transaction_p95_seconds': 0.011298, 'transaction_max_seconds': 0.013967, 'writer_lock_duty': 0.000647, 'inter_write_idle_seconds': 71.032163, 'inter_write_seconds': 0.01}
[INFO][2026-10-09 22:08:47][business_profile_async_production.py:3197] - business-profile stage start stage=publish max_items=2 concurrency=1 max_elapsed_seconds=300.0 high_water_mark=1000
[INFO][2026-10-09 22:08:48][business_profile_async_production.py:3466] - business-profile stage item stage=publish work_id=bp-work-e2167d8a81b6d3952fd4515d instrument_id=600048.SH duration_seconds=0.102 claimed=1 completed=1 retried=0 terminal_failures=0
[INFO][2026-10-09 22:08:48][business_profile_async_production.py:3576] - business-profile stage progress stage=publish finished=1 in_flight=0 claimed=1 completed=1 retried=0 terminal_failures=0 effective_concurrency=1 elapsed_seconds=0.371 active_seconds=0.103
[INFO][2026-10-09 22:08:48][business_profile_async_production.py:3671] - business-profile stage end stage=publish status=success claimed=1 completed=1 retried=0 terminal_failures=0 configuration_blocked=0 machine_rework_deferred=0 artifact_replay_deferred=0 context_reselect_deferred=0 lease_conflicts=0 claim_exclusions=1 elapsed_seconds=0.383 active_work_seconds=0.103 peak_in_flight=1 queue_underfilled_slots=1 writer={'pending_writers': 0, 'active_writers': 0, 'max_pending_writers': 1, 'max_active_writers': 1, 'write_transactions': 10, 'wait_seconds': 0.000116, 'write_seconds': 0.188482, 'observation_seconds': 71.559144, 'transaction_p50_seconds': 0.005615, 'transaction_p95_seconds': 0.076043, 'transaction_max_seconds': 0.119445, 'writer_lock_duty': 0.002634, 'inter_write_idle_seconds': 71.286449, 'inter_write_seconds': 0.01}
DELIVERED 600048.SH completed found completed 175.825
[INFO][2026-10-09 22:10:35][business_profile_async_production.py:3197] - business-profile stage start stage=acquire max_items=2 concurrency=1 max_elapsed_seconds=300.0 high_water_mark=1000
[INFO][2026-10-09 22:10:36][business_profile_pdf_artifacts.py:1222] - business-profile pdf artifact cache hit source_file_id=shared-asset:asset_dcf734cc462f14446b6380b2af4ac099 bytes=1739786 pages=219 timings={'hash_read_seconds': 0.00175, 'cache_read_seconds': 0.066956, 'extract_seconds': 0.0, 'write_seconds': 0.0, 'total_seconds': 0.068705} path=/home/python/Quote/data/filings/announcements/blobs/bc/derived/business_profile_pdfium_recovery.v4/bc60122ffcb4f14c488ea6436fec952bb2e94162f9e26002986c295be7ecb60b_57e1dd4f16ef40ff.json.gz
[INFO][2026-10-09 22:10:36][business_profile_async_production.py:3466] - business-profile stage item stage=acquire work_id=bp-work-4d38fed3d2cf074c665853e4 instrument_id=600078.SH duration_seconds=0.827 claimed=1 completed=1 retried=0 terminal_failures=0
[INFO][2026-10-09 22:10:36][business_profile_async_production.py:3576] - business-profile stage progress stage=acquire finished=1 in_flight=0 claimed=1 completed=1 retried=0 terminal_failures=0 effective_concurrency=1 elapsed_seconds=0.890 active_seconds=0.828
[INFO][2026-10-09 22:10:36][business_profile_async_production.py:3671] - business-profile stage end stage=acquire status=success claimed=1 completed=1 retried=0 terminal_failures=0 configuration_blocked=0 machine_rework_deferred=0 artifact_replay_deferred=0 context_reselect_deferred=0 lease_conflicts=0 claim_exclusions=1 elapsed_seconds=0.902 active_work_seconds=0.828 peak_in_flight=1 queue_underfilled_slots=1 writer={'pending_writers': 0, 'active_writers': 0, 'max_pending_writers': 1, 'max_active_writers': 1, 'write_transactions': 12, 'wait_seconds': 0.000137, 'write_seconds': 0.219655, 'observation_seconds': 179.841807, 'transaction_p50_seconds': 0.005615, 'transaction_p95_seconds': 0.068539, 'transaction_max_seconds': 0.119445, 'writer_lock_duty': 0.001221, 'inter_write_idle_seconds': 179.547505, 'inter_write_seconds': 0.01}
[INFO][2026-10-09 22:10:36][business_profile_async_production.py:3197] - business-profile stage start stage=parse max_items=2 concurrency=1 max_elapsed_seconds=300.0 high_water_mark=1000
[INFO][2026-10-09 22:10:40][business_profile_async_production.py:3466] - business-profile stage item stage=parse work_id=bp-work-4d38fed3d2cf074c665853e4 instrument_id=600078.SH duration_seconds=3.580 claimed=1 completed=1 retried=0 terminal_failures=0
[INFO][2026-10-09 22:10:40][business_profile_async_production.py:3576] - business-profile stage progress stage=parse finished=1 in_flight=0 claimed=1 completed=1 retried=0 terminal_failures=0 effective_concurrency=1 elapsed_seconds=3.623 active_seconds=3.580
[INFO][2026-10-09 22:10:40][business_profile_async_production.py:3671] - business-profile stage end stage=parse status=success claimed=1 completed=1 retried=0 terminal_failures=0 configuration_blocked=0 machine_rework_deferred=0 artifact_replay_deferred=0 context_reselect_deferred=0 lease_conflicts=0 claim_exclusions=1 elapsed_seconds=3.633 active_work_seconds=3.58 peak_in_flight=1 queue_underfilled_slots=1 writer={'pending_writers': 0, 'active_writers': 0, 'max_pending_writers': 1, 'max_active_writers': 1, 'write_transactions': 14, 'wait_seconds': 0.000157, 'write_seconds': 0.229004, 'observation_seconds': 183.476926, 'transaction_p50_seconds': 0.005151, 'transaction_p95_seconds': 0.059284, 'transaction_max_seconds': 0.119445, 'writer_lock_duty': 0.001248, 'inter_write_idle_seconds': 183.179058, 'inter_write_seconds': 0.01}
[INFO][2026-10-09 22:10:40][business_profile_async_production.py:3197] - business-profile stage start stage=semantic max_items=2 concurrency=1 max_elapsed_seconds=300.0 high_water_mark=1000
[INFO][2026-10-09 22:10:41][business_profile_async_production.py:3466] - business-profile stage item stage=semantic work_id=bp-work-4d38fed3d2cf074c665853e4 instrument_id=600078.SH duration_seconds=1.558 claimed=1 completed=1 retried=0 terminal_failures=0
[INFO][2026-10-09 22:10:41][business_profile_async_production.py:3576] - business-profile stage progress stage=semantic finished=1 in_flight=0 claimed=1 completed=1 retried=0 terminal_failures=0 effective_concurrency=1 elapsed_seconds=1.589 active_seconds=1.558
[INFO][2026-10-09 22:10:41][business_profile_async_production.py:3671] - business-profile stage end stage=semantic status=success claimed=1 completed=1 retried=0 terminal_failures=0 configuration_blocked=0 machine_rework_deferred=0 artifact_replay_deferred=0 context_reselect_deferred=0 lease_conflicts=0 claim_exclusions=1 elapsed_seconds=1.6 active_work_seconds=1.558 peak_in_flight=1 queue_underfilled_slots=1 writer={'pending_writers': 0, 'active_writers': 0, 'max_pending_writers': 1, 'max_active_writers': 1, 'write_transactions': 16, 'wait_seconds': 0.000176, 'write_seconds': 0.237579, 'observation_seconds': 185.077438, 'transaction_p50_seconds': 0.004676, 'transaction_p95_seconds': 0.050028, 'transaction_max_seconds': 0.119445, 'writer_lock_duty': 0.001284, 'inter_write_idle_seconds': 184.771303, 'inter_write_seconds': 0.01}
[INFO][2026-10-09 22:10:41][business_profile_async_production.py:3197] - business-profile stage start stage=verify max_items=2 concurrency=1 max_elapsed_seconds=300.0 high_water_mark=1000
[INFO][2026-10-09 22:10:42][business_profile_async_production.py:3466] - business-profile stage item stage=verify work_id=bp-work-4d38fed3d2cf074c665853e4 instrument_id=600078.SH duration_seconds=0.162 claimed=1 completed=1 retried=0 terminal_failures=0
[INFO][2026-10-09 22:10:42][business_profile_async_production.py:3576] - business-profile stage progress stage=verify finished=1 in_flight=0 claimed=1 completed=1 retried=0 terminal_failures=0 effective_concurrency=1 elapsed_seconds=0.205 active_seconds=0.163
[INFO][2026-10-09 22:10:42][business_profile_async_production.py:3671] - business-profile stage end stage=verify status=success claimed=1 completed=1 retried=0 terminal_failures=0 configuration_blocked=0 machine_rework_deferred=0 artifact_replay_deferred=0 context_reselect_deferred=0 lease_conflicts=0 claim_exclusions=1 elapsed_seconds=0.217 active_work_seconds=0.163 peak_in_flight=1 queue_underfilled_slots=1 writer={'pending_writers': 0, 'active_writers': 0, 'max_pending_writers': 1, 'max_active_writers': 1, 'write_transactions': 18, 'wait_seconds': 0.000195, 'write_seconds': 0.249332, 'observation_seconds': 185.295006, 'transaction_p50_seconds': 0.005083, 'transaction_p95_seconds': 0.040772, 'transaction_max_seconds': 0.119445, 'writer_lock_duty': 0.001346, 'inter_write_idle_seconds': 184.967531, 'inter_write_seconds': 0.01}
[INFO][2026-10-09 22:10:42][business_profile_async_production.py:3197] - business-profile stage start stage=publish max_items=2 concurrency=1 max_elapsed_seconds=300.0 high_water_mark=1000
[INFO][2026-10-09 22:10:42][business_profile_async_production.py:3466] - business-profile stage item stage=publish work_id=bp-work-4d38fed3d2cf074c665853e4 instrument_id=600078.SH duration_seconds=0.056 claimed=1 completed=1 retried=0 terminal_failures=0
[INFO][2026-10-09 22:10:42][business_profile_async_production.py:3576] - business-profile stage progress stage=publish finished=1 in_flight=0 claimed=1 completed=1 retried=0 terminal_failures=0 effective_concurrency=1 elapsed_seconds=0.099 active_seconds=0.056
[INFO][2026-10-09 22:10:42][business_profile_async_production.py:3671] - business-profile stage end stage=publish status=success claimed=1 completed=1 retried=0 terminal_failures=0 configuration_blocked=0 machine_rework_deferred=0 artifact_replay_deferred=0 context_reselect_deferred=0 lease_conflicts=0 claim_exclusions=1 elapsed_seconds=0.11 active_work_seconds=0.056 peak_in_flight=1 queue_underfilled_slots=1 writer={'pending_writers': 0, 'active_writers': 0, 'max_pending_writers': 1, 'max_active_writers': 1, 'write_transactions': 20, 'wait_seconds': 0.000219, 'write_seconds': 0.263448, 'observation_seconds': 185.40713, 'transaction_p50_seconds': 0.005519, 'transaction_p95_seconds': 0.031517, 'transaction_max_seconds': 0.119445, 'writer_lock_duty': 0.001421, 'inter_write_idle_seconds': 185.063729, 'inter_write_seconds': 0.01}
DELIVERED 600078.SH completed found completed 110.603
WHOLE_ROUND_SECONDS 286.42822418082505
OBSERVATION {
  "plan_id": "934834b9a644f2dde9c0e3a462701231f8bcd2edc652ec1a7c8ffc190b640c2a",
  "knowledge_cutoff": "2026-09-17",
  "token_budget": 50000,
  "tokens_consumed": 0,
  "outcomes": [
    {
      "instrument_id": "600048.SH",
      "status": "completed",
      "tokens_consumed": 0,
      "reused_scope": false,
      "reason": null
    },
    {
      "instrument_id": "600078.SH",
      "status": "completed",
      "tokens_consumed": 0,
      "reused_scope": false,
      "reason": null
    }
  ]
}
