Logging system initialized from config file
  - Log level: INFO
  - File logging: True
  - Console logging: True
  - Performance monitoring: True
[INFO][2026-10-09 22:52:14][logging_manager.py:710] - Logging system initialized successfully
[INFO][2026-10-09 22:52:14][logging_manager.py:391] - [ExchangeMapper.load_mappings] Starting operation
[INFO][2026-10-09 22:52:14][logging_manager.py:397] - [ExchangeMapper.load_mappings] Operation completed in 0.00s
[INFO][2026-10-09 22:52:14][aes.py:23] - libssl detected, it will be used for encryption
[INFO][2026-10-09 22:52:15][tgbot.py:15] - [tgbot] Reading system configuration...
/home/python/miniconda3/envs/Quote/lib/python3.11/site-packages/requests/__init__.py:113: RequestsDependencyWarning: urllib3 (2.5.0) or chardet (7.6.0)/charset_normalizer (3.4.3) doesn't match a supported version!
  warnings.warn(
FIRST_FORMAL_EXECUTE_START
[INFO][2026-10-09 22:53:56][business_profile_async_production.py:3197] - business-profile stage start stage=acquire max_items=2 concurrency=1 max_elapsed_seconds=300.0 high_water_mark=1000
[INFO][2026-10-09 22:53:57][business_profile_pdf_artifacts.py:1222] - business-profile pdf artifact cache hit source_file_id=shared-asset:asset_fcaaac731494a8289668cdc0e8dfa2ba bytes=6789205 pages=349 timings={'hash_read_seconds': 0.003896, 'cache_read_seconds': 0.116208, 'extract_seconds': 0.0, 'write_seconds': 0.0, 'total_seconds': 0.120104} path=/home/python/Quote/data/filings/announcements/blobs/83/derived/business_profile_pdfium_recovery.v4/830b11815f1d493465a8913335c5937b06d6221797a59e9256db00a4746c59c8_57e1dd4f16ef40ff.json.gz
[INFO][2026-10-09 22:54:00][business_profile_async_production.py:3466] - business-profile stage item stage=acquire work_id=bp-work-d7fb09bd45271bc761b5e019 instrument_id=600048.SH duration_seconds=3.714 claimed=1 completed=1 retried=0 terminal_failures=0
[INFO][2026-10-09 22:54:00][business_profile_async_production.py:3576] - business-profile stage progress stage=acquire finished=1 in_flight=0 claimed=1 completed=1 retried=0 terminal_failures=0 effective_concurrency=1 elapsed_seconds=3.748 active_seconds=3.715
[INFO][2026-10-09 22:54:00][business_profile_async_production.py:3671] - business-profile stage end stage=acquire status=success claimed=1 completed=1 retried=0 terminal_failures=0 configuration_blocked=0 machine_rework_deferred=0 artifact_replay_deferred=0 context_reselect_deferred=0 lease_conflicts=0 claim_exclusions=1 elapsed_seconds=3.758 active_work_seconds=3.715 peak_in_flight=1 queue_underfilled_slots=1 writer={'pending_writers': 0, 'active_writers': 0, 'max_pending_writers': 1, 'max_active_writers': 1, 'write_transactions': 2, 'wait_seconds': 3.1e-05, 'write_seconds': 0.005873, 'observation_seconds': 3.789611, 'transaction_p50_seconds': 0.002937, 'transaction_p95_seconds': 0.004418, 'transaction_max_seconds': 0.004583, 'writer_lock_duty': 0.00155, 'inter_write_idle_seconds': 3.698186, 'inter_write_seconds': 0.01}
[INFO][2026-10-09 22:54:00][business_profile_async_production.py:3197] - business-profile stage start stage=parse max_items=2 concurrency=1 max_elapsed_seconds=300.0 high_water_mark=1000
[INFO][2026-10-09 22:54:29][business_profile_async_production.py:3466] - business-profile stage item stage=parse work_id=bp-work-d7fb09bd45271bc761b5e019 instrument_id=600048.SH duration_seconds=28.640 claimed=1 completed=1 retried=0 terminal_failures=0
[INFO][2026-10-09 22:54:29][business_profile_async_production.py:3576] - business-profile stage progress stage=parse finished=1 in_flight=0 claimed=1 completed=1 retried=0 terminal_failures=0 effective_concurrency=1 elapsed_seconds=28.672 active_seconds=28.641
[INFO][2026-10-09 22:54:29][business_profile_async_production.py:3671] - business-profile stage end stage=parse status=success claimed=1 completed=1 retried=0 terminal_failures=0 configuration_blocked=0 machine_rework_deferred=0 artifact_replay_deferred=0 context_reselect_deferred=0 lease_conflicts=0 claim_exclusions=1 elapsed_seconds=28.684 active_work_seconds=28.641 peak_in_flight=1 queue_underfilled_slots=1 writer={'pending_writers': 0, 'active_writers': 0, 'max_pending_writers': 1, 'max_active_writers': 1, 'write_transactions': 4, 'wait_seconds': 5.3e-05, 'write_seconds': 0.0148, 'observation_seconds': 32.474123, 'transaction_p50_seconds': 0.004463, 'transaction_p95_seconds': 0.004577, 'transaction_max_seconds': 0.004583, 'writer_lock_duty': 0.000456, 'inter_write_idle_seconds': 32.370199, 'inter_write_seconds': 0.01}
[INFO][2026-10-09 22:54:29][business_profile_async_production.py:3197] - business-profile stage start stage=semantic max_items=2 concurrency=1 max_elapsed_seconds=300.0 high_water_mark=1000
[INFO][2026-10-09 22:54:57][business_profile_async_production.py:3466] - business-profile stage item stage=semantic work_id=bp-work-d7fb09bd45271bc761b5e019 instrument_id=600048.SH duration_seconds=28.077 claimed=1 completed=1 retried=0 terminal_failures=0
[INFO][2026-10-09 22:54:57][business_profile_async_production.py:3576] - business-profile stage progress stage=semantic finished=1 in_flight=0 claimed=1 completed=1 retried=0 terminal_failures=0 effective_concurrency=1 elapsed_seconds=28.110 active_seconds=28.078
[INFO][2026-10-09 22:54:57][business_profile_async_production.py:3671] - business-profile stage end stage=semantic status=success claimed=1 completed=1 retried=0 terminal_failures=0 configuration_blocked=0 machine_rework_deferred=0 artifact_replay_deferred=0 context_reselect_deferred=0 lease_conflicts=0 claim_exclusions=1 elapsed_seconds=28.122 active_work_seconds=28.078 peak_in_flight=1 queue_underfilled_slots=1 writer={'pending_writers': 0, 'active_writers': 0, 'max_pending_writers': 1, 'max_active_writers': 1, 'write_transactions': 6, 'wait_seconds': 7.4e-05, 'write_seconds': 0.024883, 'observation_seconds': 60.597391, 'transaction_p50_seconds': 0.004463, 'transaction_p95_seconds': 0.005655, 'transaction_max_seconds': 0.006012, 'writer_lock_duty': 0.000411, 'inter_write_idle_seconds': 60.477132, 'inter_write_seconds': 0.01}
[INFO][2026-10-09 22:54:57][business_profile_async_production.py:3197] - business-profile stage start stage=verify max_items=2 concurrency=1 max_elapsed_seconds=300.0 high_water_mark=1000
[INFO][2026-10-09 22:54:58][business_profile_async_production.py:3466] - business-profile stage item stage=verify work_id=bp-work-d7fb09bd45271bc761b5e019 instrument_id=600048.SH duration_seconds=1.532 claimed=1 completed=1 retried=0 terminal_failures=0
[INFO][2026-10-09 22:54:58][business_profile_async_production.py:3576] - business-profile stage progress stage=verify finished=1 in_flight=0 claimed=1 completed=1 retried=0 terminal_failures=0 effective_concurrency=1 elapsed_seconds=1.575 active_seconds=1.533
[INFO][2026-10-09 22:54:58][business_profile_async_production.py:3671] - business-profile stage end stage=verify status=success claimed=1 completed=1 retried=0 terminal_failures=0 configuration_blocked=0 machine_rework_deferred=0 artifact_replay_deferred=0 context_reselect_deferred=0 lease_conflicts=0 claim_exclusions=1 elapsed_seconds=1.587 active_work_seconds=1.533 peak_in_flight=1 queue_underfilled_slots=1 writer={'pending_writers': 0, 'active_writers': 0, 'max_pending_writers': 1, 'max_active_writers': 1, 'write_transactions': 8, 'wait_seconds': 9.7e-05, 'write_seconds': 0.044644, 'observation_seconds': 62.186376, 'transaction_p50_seconds': 0.004564, 'transaction_p95_seconds': 0.011242, 'transaction_max_seconds': 0.014058, 'writer_lock_duty': 0.000718, 'inter_write_idle_seconds': 62.050744, 'inter_write_seconds': 0.01}
[INFO][2026-10-09 22:54:59][business_profile_async_production.py:3197] - business-profile stage start stage=publish max_items=2 concurrency=1 max_elapsed_seconds=300.0 high_water_mark=1000
[INFO][2026-10-09 22:54:59][business_profile_async_production.py:3466] - business-profile stage item stage=publish work_id=bp-work-d7fb09bd45271bc761b5e019 instrument_id=600048.SH duration_seconds=0.104 claimed=1 completed=1 retried=0 terminal_failures=0
[INFO][2026-10-09 22:54:59][business_profile_async_production.py:3576] - business-profile stage progress stage=publish finished=1 in_flight=0 claimed=1 completed=1 retried=0 terminal_failures=0 effective_concurrency=1 elapsed_seconds=0.157 active_seconds=0.104
[INFO][2026-10-09 22:54:59][business_profile_async_production.py:3671] - business-profile stage end stage=publish status=success claimed=1 completed=1 retried=0 terminal_failures=0 configuration_blocked=0 machine_rework_deferred=0 artifact_replay_deferred=0 context_reselect_deferred=0 lease_conflicts=0 claim_exclusions=1 elapsed_seconds=0.169 active_work_seconds=0.104 peak_in_flight=1 queue_underfilled_slots=1 writer={'pending_writers': 0, 'active_writers': 0, 'max_pending_writers': 1, 'max_active_writers': 1, 'write_transactions': 10, 'wait_seconds': 0.000122, 'write_seconds': 0.080384, 'observation_seconds': 62.357138, 'transaction_p50_seconds': 0.005143, 'transaction_p95_seconds': 0.019156, 'transaction_max_seconds': 0.023327, 'writer_lock_duty': 0.001289, 'inter_write_idle_seconds': 62.175126, 'inter_write_seconds': 0.01}
DELIVERED 600048.SH completed found completed 167.147
[INFO][2026-10-09 22:56:36][business_profile_async_production.py:3197] - business-profile stage start stage=acquire max_items=2 concurrency=1 max_elapsed_seconds=300.0 high_water_mark=1000
[INFO][2026-10-09 22:56:36][business_profile_pdf_artifacts.py:1222] - business-profile pdf artifact cache hit source_file_id=shared-asset:asset_dcf734cc462f14446b6380b2af4ac099 bytes=1739786 pages=219 timings={'hash_read_seconds': 0.000644, 'cache_read_seconds': 0.04758, 'extract_seconds': 0.0, 'write_seconds': 0.0, 'total_seconds': 0.048224} path=/home/python/Quote/data/filings/announcements/blobs/bc/derived/business_profile_pdfium_recovery.v4/bc60122ffcb4f14c488ea6436fec952bb2e94162f9e26002986c295be7ecb60b_57e1dd4f16ef40ff.json.gz
[INFO][2026-10-09 22:56:36][business_profile_async_production.py:3466] - business-profile stage item stage=acquire work_id=bp-work-fb251d744dcff0bd55109c8d instrument_id=600078.SH duration_seconds=0.725 claimed=1 completed=1 retried=0 terminal_failures=0
[INFO][2026-10-09 22:56:36][business_profile_async_production.py:3576] - business-profile stage progress stage=acquire finished=1 in_flight=0 claimed=1 completed=1 retried=0 terminal_failures=0 effective_concurrency=1 elapsed_seconds=0.757 active_seconds=0.725
[INFO][2026-10-09 22:56:36][business_profile_async_production.py:3671] - business-profile stage end stage=acquire status=success claimed=1 completed=1 retried=0 terminal_failures=0 configuration_blocked=0 machine_rework_deferred=0 artifact_replay_deferred=0 context_reselect_deferred=0 lease_conflicts=0 claim_exclusions=1 elapsed_seconds=0.768 active_work_seconds=0.725 peak_in_flight=1 queue_underfilled_slots=1 writer={'pending_writers': 0, 'active_writers': 0, 'max_pending_writers': 1, 'max_active_writers': 1, 'write_transactions': 12, 'wait_seconds': 0.000141, 'write_seconds': 0.08845, 'observation_seconds': 160.004675, 'transaction_p50_seconds': 0.004617, 'transaction_p95_seconds': 0.018229, 'transaction_max_seconds': 0.023327, 'writer_lock_duty': 0.000553, 'inter_write_idle_seconds': 159.828565, 'inter_write_seconds': 0.01}
[INFO][2026-10-09 22:56:36][business_profile_async_production.py:3197] - business-profile stage start stage=parse max_items=2 concurrency=1 max_elapsed_seconds=300.0 high_water_mark=1000
[INFO][2026-10-09 22:56:40][business_profile_async_production.py:3466] - business-profile stage item stage=parse work_id=bp-work-fb251d744dcff0bd55109c8d instrument_id=600078.SH duration_seconds=3.453 claimed=1 completed=1 retried=0 terminal_failures=0
[INFO][2026-10-09 22:56:40][business_profile_async_production.py:3576] - business-profile stage progress stage=parse finished=1 in_flight=0 claimed=1 completed=1 retried=0 terminal_failures=0 effective_concurrency=1 elapsed_seconds=3.485 active_seconds=3.454
[INFO][2026-10-09 22:56:40][business_profile_async_production.py:3671] - business-profile stage end stage=parse status=success claimed=1 completed=1 retried=0 terminal_failures=0 configuration_blocked=0 machine_rework_deferred=0 artifact_replay_deferred=0 context_reselect_deferred=0 lease_conflicts=0 claim_exclusions=1 elapsed_seconds=3.496 active_work_seconds=3.454 peak_in_flight=1 queue_underfilled_slots=1 writer={'pending_writers': 0, 'active_writers': 0, 'max_pending_writers': 1, 'max_active_writers': 1, 'write_transactions': 14, 'wait_seconds': 0.000159, 'write_seconds': 0.096795, 'observation_seconds': 163.501515, 'transaction_p50_seconds': 0.004564, 'transaction_p95_seconds': 0.017302, 'transaction_max_seconds': 0.023327, 'writer_lock_duty': 0.000592, 'inter_write_idle_seconds': 163.321989, 'inter_write_seconds': 0.01}
[INFO][2026-10-09 22:56:40][business_profile_async_production.py:3197] - business-profile stage start stage=semantic max_items=2 concurrency=1 max_elapsed_seconds=300.0 high_water_mark=1000
[INFO][2026-10-09 22:56:41][business_profile_async_production.py:3466] - business-profile stage item stage=semantic work_id=bp-work-fb251d744dcff0bd55109c8d instrument_id=600078.SH duration_seconds=1.534 claimed=1 completed=1 retried=0 terminal_failures=0
[INFO][2026-10-09 22:56:41][business_profile_async_production.py:3576] - business-profile stage progress stage=semantic finished=1 in_flight=0 claimed=1 completed=1 retried=0 terminal_failures=0 effective_concurrency=1 elapsed_seconds=1.566 active_seconds=1.535
[INFO][2026-10-09 22:56:41][business_profile_async_production.py:3671] - business-profile stage end stage=semantic status=success claimed=1 completed=1 retried=0 terminal_failures=0 configuration_blocked=0 machine_rework_deferred=0 artifact_replay_deferred=0 context_reselect_deferred=0 lease_conflicts=0 claim_exclusions=1 elapsed_seconds=1.577 active_work_seconds=1.535 peak_in_flight=1 queue_underfilled_slots=1 writer={'pending_writers': 0, 'active_writers': 0, 'max_pending_writers': 1, 'max_active_writers': 1, 'write_transactions': 16, 'wait_seconds': 0.000176, 'write_seconds': 0.105464, 'observation_seconds': 165.079836, 'transaction_p50_seconds': 0.004564, 'transaction_p95_seconds': 0.016375, 'transaction_max_seconds': 0.023327, 'writer_lock_duty': 0.000639, 'inter_write_idle_seconds': 164.887791, 'inter_write_seconds': 0.01}
[INFO][2026-10-09 22:56:41][business_profile_async_production.py:3197] - business-profile stage start stage=verify max_items=2 concurrency=1 max_elapsed_seconds=300.0 high_water_mark=1000
[INFO][2026-10-09 22:56:42][business_profile_async_production.py:3466] - business-profile stage item stage=verify work_id=bp-work-fb251d744dcff0bd55109c8d instrument_id=600078.SH duration_seconds=0.155 claimed=1 completed=1 retried=0 terminal_failures=0
[INFO][2026-10-09 22:56:42][business_profile_async_production.py:3576] - business-profile stage progress stage=verify finished=1 in_flight=0 claimed=1 completed=1 retried=0 terminal_failures=0 effective_concurrency=1 elapsed_seconds=0.198 active_seconds=0.156
[INFO][2026-10-09 22:56:42][business_profile_async_production.py:3671] - business-profile stage end stage=verify status=success claimed=1 completed=1 retried=0 terminal_failures=0 configuration_blocked=0 machine_rework_deferred=0 artifact_replay_deferred=0 context_reselect_deferred=0 lease_conflicts=0 claim_exclusions=1 elapsed_seconds=0.209 active_work_seconds=0.156 peak_in_flight=1 queue_underfilled_slots=1 writer={'pending_writers': 0, 'active_writers': 0, 'max_pending_writers': 1, 'max_active_writers': 1, 'write_transactions': 18, 'wait_seconds': 0.000196, 'write_seconds': 0.115061, 'observation_seconds': 165.289871, 'transaction_p50_seconds': 0.004617, 'transaction_p95_seconds': 0.015448, 'transaction_max_seconds': 0.023327, 'writer_lock_duty': 0.000696, 'inter_write_idle_seconds': 165.088757, 'inter_write_seconds': 0.01}
[INFO][2026-10-09 22:56:42][business_profile_async_production.py:3197] - business-profile stage start stage=publish max_items=2 concurrency=1 max_elapsed_seconds=300.0 high_water_mark=1000
[INFO][2026-10-09 22:56:42][business_profile_async_production.py:3466] - business-profile stage item stage=publish work_id=bp-work-fb251d744dcff0bd55109c8d instrument_id=600078.SH duration_seconds=0.044 claimed=1 completed=1 retried=0 terminal_failures=0
[INFO][2026-10-09 22:56:42][business_profile_async_production.py:3576] - business-profile stage progress stage=publish finished=1 in_flight=0 claimed=1 completed=1 retried=0 terminal_failures=0 effective_concurrency=1 elapsed_seconds=0.087 active_seconds=0.045
[INFO][2026-10-09 22:56:42][business_profile_async_production.py:3671] - business-profile stage end stage=publish status=success claimed=1 completed=1 retried=0 terminal_failures=0 configuration_blocked=0 machine_rework_deferred=0 artifact_replay_deferred=0 context_reselect_deferred=0 lease_conflicts=0 claim_exclusions=1 elapsed_seconds=0.098 active_work_seconds=0.045 peak_in_flight=1 queue_underfilled_slots=1 writer={'pending_writers': 0, 'active_writers': 0, 'max_pending_writers': 1, 'max_active_writers': 1, 'write_transactions': 20, 'wait_seconds': 0.000215, 'write_seconds': 0.126374, 'observation_seconds': 165.389233, 'transaction_p50_seconds': 0.004689, 'transaction_p95_seconds': 0.014521, 'transaction_max_seconds': 0.023327, 'writer_lock_duty': 0.000764, 'inter_write_idle_seconds': 165.168877, 'inter_write_seconds': 0.01}
DELIVERED 600078.SH completed found completed 99.16
WHOLE_ROUND_SECONDS 266.306796672754
OBSERVATION {
  "plan_id": "934834b9a644f2dde9c0e3a462701231f8bcd2edc652ec1a7c8ffc190b640c2a",
  "knowledge_cutoff": "2026-09-17",
  "token_budget": 50000,
  "tokens_consumed": 0,
  "outcomes": [
    {
      "instrument_id": "600048.SH",
      "status": "completed",
      "tokens_consumed": 0,
      "reused_scope": false,
      "reason": null
    },
    {
      "instrument_id": "600078.SH",
      "status": "completed",
      "tokens_consumed": 0,
      "reused_scope": false,
      "reason": null
    }
  ]
}
